gen    20  evals     90112  best(gpu) -12.0  4115 eval/s
gen    40  evals    172032  best(gpu) -12.0  3926 eval/s
gen    60  evals    253952  best(gpu) -12.0  3861 eval/s
gen    80  evals    335872  best(gpu) -12.0  3828 eval/s
gen   100  evals    417792  best(gpu) -12.0  3809 eval/s
gen   120  evals    499712  best(gpu) -12.0  3795 eval/s
gen   140  evals    581632  best(gpu) -12.0  3786 eval/s
gen   160  evals    663552  best(gpu) -12.0  3779 eval/s
gen   180  evals    745472  best(gpu) -12.0  3773 eval/s
gen   200  evals    827392  best(gpu) -12.0  3769 eval/s
gen   220  evals    909312  best(gpu) -12.0  3765 eval/s
gen   240  evals    991232  best(gpu) -12.0  3762 eval/s
gen   260  evals   1073152  best(gpu) -12.0  3759 eval/s
gen   280  evals   1155072  best(gpu) -12.0  3757 eval/s
gen   300  evals   1236992  best(gpu) -12.0  3755 eval/s
gen   320  evals   1318912  best(gpu) -12.0  3753 eval/s
gen   340  evals   1400832  best(gpu) -12.0  3752 eval/s
gen   360  evals   1482752  best(gpu) -12.0  3750 eval/s
gen   380  evals   1564672  best(gpu) -12.0  3749 eval/s
gen   400  evals   1646592  best(gpu) -12.0  3748 eval/s
gen   420  evals   1728512  best(gpu) -12.0  3747 eval/s
gen   440  evals   1810432  best(gpu) -12.0  3746 eval/s
gen   460  evals   1892352  best(gpu) -12.0  3746 eval/s
gen   480  evals   1974272  best(gpu) -12.0  3745 eval/s
gen   500  evals   2056192  best(gpu) -11.0  3744 eval/s
gen   520  evals   2138112  best(gpu) -11.0  3744 eval/s
gen   540  evals   2220032  best(gpu) -11.0  3743 eval/s
gen   560  evals   2301952  best(gpu) -11.0  3743 eval/s
gen   580  evals   2383872  best(gpu) -11.0  3742 eval/s
gen   600  evals   2465792  best(gpu) -11.0  3742 eval/s
gen   620  evals   2547712  best(gpu) -11.0  3742 eval/s
gen   640  evals   2629632  best(gpu) -11.0  3741 eval/s
gen   660  evals   2711552  best(gpu) -11.0  3741 eval/s
gen   680  evals   2793472  best(gpu) -11.0  3740 eval/s
gen   700  evals   2875392  best(gpu) -11.0  3740 eval/s
gen   720  evals   2957312  best(gpu) -11.0  3740 eval/s
gen   740  evals   3039232  best(gpu) -11.0  3740 eval/s
gen   760  evals   3121152  best(gpu) -11.0  3739 eval/s
gen   780  evals   3203072  best(gpu) -11.0  3739 eval/s
gen   800  evals   3284992  best(gpu) -11.0  3739 eval/s
gen   820  evals   3366912  best(gpu) -11.0  3739 eval/s
gen   840  evals   3448832  best(gpu) -11.0  3739 eval/s
gen   860  evals   3530752  best(gpu) -11.0  3738 eval/s
gen   880  evals   3612672  best(gpu) -11.0  3738 eval/s
gen   900  evals   3694592  best(gpu) -11.0  3738 eval/s
gen   920  evals   3776512  best(gpu) -11.0  3738 eval/s
gen   940  evals   3858432  best(gpu) -11.0  3738 eval/s
gen   960  evals   3940352  best(gpu) -11.0  3737 eval/s
gen   980  evals   4022272  best(gpu) -11.0  3737 eval/s
gen  1000  evals   4104192  best(gpu) -11.0  3737 eval/s
gen  1020  evals   4186112  best(gpu) -11.0  3737 eval/s
gen  1040  evals   4268032  best(gpu) -11.0  3737 eval/s
gen  1060  evals   4349952  best(gpu) -11.0  3737 eval/s
gen  1080  evals   4431872  best(gpu) -11.0  3737 eval/s
gen  1100  evals   4513792  best(gpu) -11.0  3737 eval/s
gen  1120  evals   4595712  best(gpu) -11.0  3736 eval/s
gen  1140  evals   4677632  best(gpu) -11.0  3736 eval/s
gen  1160  evals   4759552  best(gpu) -11.0  3736 eval/s
gen  1180  evals   4841472  best(gpu) -11.0  3736 eval/s
gen  1200  evals   4923392  best(gpu) -11.0  3736 eval/s
gen  1220  evals   5005312  best(gpu) -11.0  3736 eval/s
gen  1240  evals   5087232  best(gpu) -11.0  3736 eval/s
gen  1260  evals   5169152  best(gpu) -11.0  3736 eval/s
gen  1280  evals   5251072  best(gpu) -11.0  3736 eval/s
gen  1300  evals   5332992  best(gpu) -11.0  3736 eval/s
gen  1320  evals   5414912  best(gpu) -11.0  3735 eval/s
gen  1340  evals   5496832  best(gpu) -11.0  3735 eval/s
gen  1360  evals   5578752  best(gpu) -11.0  3735 eval/s
gen  1380  evals   5660672  best(gpu) -11.0  3735 eval/s
gen  1400  evals   5742592  best(gpu) -11.0  3735 eval/s
gen  1420  evals   5824512  best(gpu) -11.0  3735 eval/s
gen  1440  evals   5906432  best(gpu) -11.0  3735 eval/s
gen  1460  evals   5988352  best(gpu) -11.0  3735 eval/s

=== GPU search done: 6000640 evals in 1607s (3735 eval/s) ===
best needle (gpu float32): -11.00
best needle (EXACT int64): -11   (acceptance needs >= 1)
no acceptance; vector not printed
